$ C:\Program Files\Python314\python.exe -u glassdoor_scraper_final.py

=== Glassdoor Scraper - All Jobs Mode ===
Inputs: job='Backend Engineer', location='United States'
  Connected to Google Sheet
  Loaded 58 existing job links for duplicate check
Launched stealth Chrome (profile: C:\Users\Muneeb\Desktop\WebNcodes\scraper\GlassD\chrome_profile)
Step 1: Navigating to Glassdoor Jobs...
Step 2: Filling search form...
  Job title: 'Backend Engineer'
  Location: 'United States'
Step 3: Submitting search...
  Search completed
  URL: https://www.glassdoor.com/Job/united-states-backend-engineer-jobs-SRCH_IL.0,13_IN1_KO14,30.htm
Step 4: Waiting for job listings...
Step 5: Applying Remote filter...
  Remote filter clicked
  Filter applied
Step 6: Loading all jobs...
  Clicked load more button
  Jobs loaded: 60
  No button found, attempts left: 2
  No button found, attempts left: 1
  No button found, attempts left: 0
  Finished loading jobs. Total: 60
Step 7: Found 60 jobs
Step 8: Processing all jobs...
  [1] Skipped: Job age 30d+ (>15 days)
  [2] Skipped: Job age 30d+ (>15 days)
  [3] Skipped: Job age 30d+ (>15 days)
  [4] Opening: https://www.glassdoor.com/partner/jobListing.htm?pos=104&ao=1136043&s=58&guid=0000019f953128c18e37c892916b5c9a&src=GD_JOB_AD&t=SR&vt=w&uido=B95CD3759B5B007AB199180BA1B4BB8B&cs=1_de7932fe&cb=1784914455097&jobListingId=1010204532181&jrtk=5-yul1-0-1juaj2a7ek8gg801-4d7a02bef7cc8fd0
  [4] Extracted: Speechify | Senior Software Engineer, Windows/Desktop Applications - Burlington, VT, USA | Burlington, VT
  [4] Saved to Excel: Speechify | Age: 4d
  [5] Opening: https://www.glassdoor.com/partner/jobListing.htm?pos=105&ao=1136043&s=58&guid=0000019f953128c18e37c892916b5c9a&src=GD_JOB_AD&t=SR&vt=w&uido=B95CD3759B5B007AB199180BA1B4BB8B&cs=1_a6a72a85&cb=1784914455098&jobListingId=1010204738452&jrtk=5-yul1-0-1juaj2a7ek8gg801-4e5a1b01c8d88332
  [5] Extracted: Speechify | Senior Software Engineer, Core Experiences - Sunnyvale, CA, USA | Sunnyvale, CA
  [5] Saved to Excel: Speechify | Age: 3d
  [6] Skipped: Job age 30d (>15 days)
  [7] Skipped: Job age 30d+ (>15 days)
  [8] Opening: https://www.glassdoor.com/partner/jobListing.htm?pos=108&ao=1136043&s=58&guid=0000019f953128c18e37c892916b5c9a&src=GD_JOB_AD&t=SR&vt=w&uido=B95CD3759B5B007AB199180BA1B4BB8B&cs=1_0c670152&cb=1784914455098&jobListingId=1010204427401&jrtk=5-yul1-0-1juaj2a7ek8gg801-ad6582003e647074
  [8] Extracted: Qureos | Software Engineer | Louisville, KY
  [8] Saved to Excel: Qureos | Age: 4d
  [9] Skipped: Easy Apply
  [10] Skipped: Job age 30d+ (>15 days)
  [11] Skipped: Job age 30d+ (>15 days)
  [12] Skipped: Job age 30d+ (>15 days)
  [13] Skipped: Job age 29d (>15 days)
  [14] Opening: https://www.glassdoor.com/partner/jobListing.htm?pos=114&ao=1136043&s=58&guid=0000019f953128c18e37c892916b5c9a&src=GD_JOB_AD&t=SR&vt=w&uido=B95CD3759B5B007AB199180BA1B4BB8B&cs=1_feeb819f&cb=1784914455099&jobListingId=1010199368158&jrtk=5-yul1-0-1juaj2a7ek8gg801-636bd739fd705775
  [14] Extracted: Steampunk | Full Stack Developer | McLean, VA
  [14] Saved to Excel: Steampunk | Age: 10d
  [15] Skipped: Easy Apply
  [16] Skipped: Easy Apply
  [17] Skipped: Job age 30d+ (>15 days)
  [18] Skipped: Easy Apply
  [19] Skipped: Easy Apply
  [20] Skipped: Job age 30d+ (>15 days)
  [21] Skipped: Job age 30d+ (>15 days)
  [22] Skipped: Job age 30d+ (>15 days)
  [23] Skipped: Job age 30d+ (>15 days)
  [24] Skipped: Job age 30d+ (>15 days)
  [25] Skipped: Easy Apply
  [26] Skipped: Job age 30d+ (>15 days)
  [27] Skipped: Job age 30d+ (>15 days)
  [28] Skipped: Job age 30d+ (>15 days)
  [29] Skipped: Job age 30d+ (>15 days)
  [30] Skipped: Job age 30d+ (>15 days)
  [31] Skipped: Easy Apply
  [32] Skipped: Job age 30d+ (>15 days)
  [33] Skipped: Easy Apply
  [34] Skipped: Job age 30d+ (>15 days)
  [35] Skipped: Job age 30d+ (>15 days)
  [36] Skipped: Job age 30d+ (>15 days)
  [37] Skipped: Job age 24d (>15 days)
  [38] Skipped: Job age 30d+ (>15 days)
  [39] Skipped: Easy Apply
  [40] Skipped: Easy Apply
  [41] Skipped: Easy Apply
  [42] Skipped: Job age 30d+ (>15 days)
  [43] Skipped: Job age 30d+ (>15 days)
  [44] Skipped: Job age 30d+ (>15 days)
  [45] Skipped: Easy Apply
  [46] Skipped: Easy Apply
  [47] Skipped: Easy Apply
  [48] Skipped: Easy Apply
  [49] Skipped: Easy Apply
  [50] Skipped: Easy Apply
  [51] Skipped: Job age 30d+ (>15 days)
  [52] Skipped: Easy Apply
  [53] Skipped: Job age 18d (>15 days)
  [54] Skipped: Easy Apply
  [55] Skipped: Easy Apply
  [56] Skipped: Job age 30d+ (>15 days)
  [57] Skipped: Job age 30d+ (>15 days)
  [58] Skipped: Easy Apply
  [59] Skipped: Easy Apply
  [60] Skipped: Easy Apply

Done! Saved 4 jobs to glassdoor.xlsx

--- Finished (exit code 0) ---
