$ C:\Program Files\Python314\python.exe -u scraper.py Backend Engineer United States

Keyword: Backend Engineer
Location: United States
Page loaded
Step 2: Clicking to show cards...
Step 3: Selecting Remote...
Step 5: Setting location: United States
Step 6: Clicking Apply...
Step 7: Searching for 'Backend Engineer'...

Processing page 1...
  Scrolling to load all job cards...
  Found 40 job cards on page 1
  Navigating to next page: https://hiringcafe.com/?searchState=%7B%22locations%22%3A%5B%7B%22id%22%3A%22FxY1yZQBoEtHp_8UEq7V%22%2C%22types%22%3A%5B%22country%22%5D%2C%22address_components%22%3A%5B%7B%22long_name%22%3A%22United+States%22%2C%22short_name%22%3A%22US%22%2C%22types%22%3A%5B%22country%22%5D%7D%5D%2C%22formatted_address%22%3A%22United+States%22%2C%22population%22%3A327167434%2C%22workplace_types%22%3A%5B%5D%2C%22options%22%3A%7B%22flexible_regions%22%3A%5B%22anywhere_in_continent%22%2C%22anywhere_in_world%22%5D%7D%7D%5D%2C%22searchQuery%22%3A%22Backend+Engineer%22%7D&page=1

Processing page 2...
  Scrolling to load all job cards...
  Found 40 job cards on page 2
  Navigating to next page: https://hiringcafe.com/?searchState=%7B%22locations%22%3A%5B%7B%22id%22%3A%22FxY1yZQBoEtHp_8UEq7V%22%2C%22types%22%3A%5B%22country%22%5D%2C%22address_components%22%3A%5B%7B%22long_name%22%3A%22United+States%22%2C%22short_name%22%3A%22US%22%2C%22types%22%3A%5B%22country%22%5D%7D%5D%2C%22formatted_address%22%3A%22United+States%22%2C%22population%22%3A327167434%2C%22workplace_types%22%3A%5B%5D%2C%22options%22%3A%7B%22flexible_regions%22%3A%5B%22anywhere_in_continent%22%2C%22anywhere_in_world%22%5D%7D%7D%5D%2C%22searchQuery%22%3A%22Backend+Engineer%22%7D&page=2

Processing page 3...
  Scrolling to load all job cards...
  Found 40 job cards on page 3
  Navigating to next page: https://hiringcafe.com/?searchState=%7B%22locations%22%3A%5B%7B%22id%22%3A%22FxY1yZQBoEtHp_8UEq7V%22%2C%22types%22%3A%5B%22country%22%5D%2C%22address_components%22%3A%5B%7B%22long_name%22%3A%22United+States%22%2C%22short_name%22%3A%22US%22%2C%22types%22%3A%5B%22country%22%5D%7D%5D%2C%22formatted_address%22%3A%22United+States%22%2C%22population%22%3A327167434%2C%22workplace_types%22%3A%5B%5D%2C%22options%22%3A%7B%22flexible_regions%22%3A%5B%22anywhere_in_continent%22%2C%22anywhere_in_world%22%5D%7D%7D%5D%2C%22searchQuery%22%3A%22Backend+Engineer%22%7D&page=3

Processing page 4...
  Scrolling to load all job cards...
  Found 40 job cards on page 4
  Navigating to next page: https://hiringcafe.com/?searchState=%7B%22locations%22%3A%5B%7B%22id%22%3A%22FxY1yZQBoEtHp_8UEq7V%22%2C%22types%22%3A%5B%22country%22%5D%2C%22address_components%22%3A%5B%7B%22long_name%22%3A%22United+States%22%2C%22short_name%22%3A%22US%22%2C%22types%22%3A%5B%22country%22%5D%7D%5D%2C%22formatted_address%22%3A%22United+States%22%2C%22population%22%3A327167434%2C%22workplace_types%22%3A%5B%5D%2C%22options%22%3A%7B%22flexible_regions%22%3A%5B%22anywhere_in_continent%22%2C%22anywhere_in_world%22%5D%7D%7D%5D%2C%22searchQuery%22%3A%22Backend+Engineer%22%7D&page=4

Processing page 5...
  Scrolling to load all job cards...
  Found 40 job cards on page 5
  Navigating to next page: https://hiringcafe.com/?searchState=%7B%22locations%22%3A%5B%7B%22id%22%3A%22FxY1yZQBoEtHp_8UEq7V%22%2C%22types%22%3A%5B%22country%22%5D%2C%22address_components%22%3A%5B%7B%22long_name%22%3A%22United+States%22%2C%22short_name%22%3A%22US%22%2C%22types%22%3A%5B%22country%22%5D%7D%5D%2C%22formatted_address%22%3A%22United+States%22%2C%22population%22%3A327167434%2C%22workplace_types%22%3A%5B%5D%2C%22options%22%3A%7B%22flexible_regions%22%3A%5B%22anywhere_in_continent%22%2C%22anywhere_in_world%22%5D%7D%7D%5D%2C%22searchQuery%22%3A%22Backend+Engineer%22%7D&page=5

Processing page 6...
  Scrolling to load all job cards...
  Found 40 job cards on page 6
  Navigating to next page: https://hiringcafe.com/?searchState=%7B%22locations%22%3A%5B%7B%22id%22%3A%22FxY1yZQBoEtHp_8UEq7V%22%2C%22types%22%3A%5B%22country%22%5D%2C%22address_components%22%3A%5B%7B%22long_name%22%3A%22United+States%22%2C%22short_name%22%3A%22US%22%2C%22types%22%3A%5B%22country%22%5D%7D%5D%2C%22formatted_address%22%3A%22United+States%22%2C%22population%22%3A327167434%2C%22workplace_types%22%3A%5B%5D%2C%22options%22%3A%7B%22flexible_regions%22%3A%5B%22anywhere_in_continent%22%2C%22anywhere_in_world%22%5D%7D%7D%5D%2C%22searchQuery%22%3A%22Backend+Engineer%22%7D&page=6

Processing page 7...
  Scrolling to load all job cards...
  Found 40 job cards on page 7
  Navigating to next page: https://hiringcafe.com/?searchState=%7B%22locations%22%3A%5B%7B%22id%22%3A%22FxY1yZQBoEtHp_8UEq7V%22%2C%22types%22%3A%5B%22country%22%5D%2C%22address_components%22%3A%5B%7B%22long_name%22%3A%22United+States%22%2C%22short_name%22%3A%22US%22%2C%22types%22%3A%5B%22country%22%5D%7D%5D%2C%22formatted_address%22%3A%22United+States%22%2C%22population%22%3A327167434%2C%22workplace_types%22%3A%5B%5D%2C%22options%22%3A%7B%22flexible_regions%22%3A%5B%22anywhere_in_continent%22%2C%22anywhere_in_world%22%5D%7D%7D%5D%2C%22searchQuery%22%3A%22Backend+Engineer%22%7D&page=7

Processing page 8...
  Scrolling to load all job cards...
  Found 40 job cards on page 8
  Navigating to next page: https://hiringcafe.com/?searchState=%7B%22locations%22%3A%5B%7B%22id%22%3A%22FxY1yZQBoEtHp_8UEq7V%22%2C%22types%22%3A%5B%22country%22%5D%2C%22address_components%22%3A%5B%7B%22long_name%22%3A%22United+States%22%2C%22short_name%22%3A%22US%22%2C%22types%22%3A%5B%22country%22%5D%7D%5D%2C%22formatted_address%22%3A%22United+States%22%2C%22population%22%3A327167434%2C%22workplace_types%22%3A%5B%5D%2C%22options%22%3A%7B%22flexible_regions%22%3A%5B%22anywhere_in_continent%22%2C%22anywhere_in_world%22%5D%7D%7D%5D%2C%22searchQuery%22%3A%22Backend+Engineer%22%7D&page=8

Processing page 9...
  Scrolling to load all job cards...
  Found 40 job cards on page 9
  Navigating to next page: https://hiringcafe.com/?searchState=%7B%22locations%22%3A%5B%7B%22id%22%3A%22FxY1yZQBoEtHp_8UEq7V%22%2C%22types%22%3A%5B%22country%22%5D%2C%22address_components%22%3A%5B%7B%22long_name%22%3A%22United+States%22%2C%22short_name%22%3A%22US%22%2C%22types%22%3A%5B%22country%22%5D%7D%5D%2C%22formatted_address%22%3A%22United+States%22%2C%22population%22%3A327167434%2C%22workplace_types%22%3A%5B%5D%2C%22options%22%3A%7B%22flexible_regions%22%3A%5B%22anywhere_in_continent%22%2C%22anywhere_in_world%22%5D%7D%7D%5D%2C%22searchQuery%22%3A%22Backend+Engineer%22%7D&page=9

Processing page 10...
  Scrolling to load all job cards...
  Found 40 job cards on page 10
  Navigating to next page: https://hiringcafe.com/?searchState=%7B%22locations%22%3A%5B%7B%22id%22%3A%22FxY1yZQBoEtHp_8UEq7V%22%2C%22types%22%3A%5B%22country%22%5D%2C%22address_components%22%3A%5B%7B%22long_name%22%3A%22United+States%22%2C%22short_name%22%3A%22US%22%2C%22types%22%3A%5B%22country%22%5D%7D%5D%2C%22formatted_address%22%3A%22United+States%22%2C%22population%22%3A327167434%2C%22workplace_types%22%3A%5B%5D%2C%22options%22%3A%7B%22flexible_regions%22%3A%5B%22anywhere_in_continent%22%2C%22anywhere_in_world%22%5D%7D%7D%5D%2C%22searchQuery%22%3A%22Backend+Engineer%22%7D&page=10

Processing page 11...
  Scrolling to load all job cards...
  Found 40 job cards on page 11
  Navigating to next page: https://hiringcafe.com/?searchState=%7B%22locations%22%3A%5B%7B%22id%22%3A%22FxY1yZQBoEtHp_8UEq7V%22%2C%22types%22%3A%5B%22country%22%5D%2C%22address_components%22%3A%5B%7B%22long_name%22%3A%22United+States%22%2C%22short_name%22%3A%22US%22%2C%22types%22%3A%5B%22country%22%5D%7D%5D%2C%22formatted_address%22%3A%22United+States%22%2C%22population%22%3A327167434%2C%22workplace_types%22%3A%5B%5D%2C%22options%22%3A%7B%22flexible_regions%22%3A%5B%22anywhere_in_continent%22%2C%22anywhere_in_world%22%5D%7D%7D%5D%2C%22searchQuery%22%3A%22Backend+Engineer%22%7D&page=11

Processing page 12...
  Scrolling to load all job cards...
  Found 40 job cards on page 12
  Navigating to next page: https://hiringcafe.com/?searchState=%7B%22locations%22%3A%5B%7B%22id%22%3A%22FxY1yZQBoEtHp_8UEq7V%22%2C%22types%22%3A%5B%22country%22%5D%2C%22address_components%22%3A%5B%7B%22long_name%22%3A%22United+States%22%2C%22short_name%22%3A%22US%22%2C%22types%22%3A%5B%22country%22%5D%7D%5D%2C%22formatted_address%22%3A%22United+States%22%2C%22population%22%3A327167434%2C%22workplace_types%22%3A%5B%5D%2C%22options%22%3A%7B%22flexible_regions%22%3A%5B%22anywhere_in_continent%22%2C%22anywhere_in_world%22%5D%7D%7D%5D%2C%22searchQuery%22%3A%22Backend+Engineer%22%7D&page=12

Processing page 13...
  Scrolling to load all job cards...
  Found 40 job cards on page 13
  Navigating to next page: https://hiringcafe.com/?searchState=%7B%22locations%22%3A%5B%7B%22id%22%3A%22FxY1yZQBoEtHp_8UEq7V%22%2C%22types%22%3A%5B%22country%22%5D%2C%22address_components%22%3A%5B%7B%22long_name%22%3A%22United+States%22%2C%22short_name%22%3A%22US%22%2C%22types%22%3A%5B%22country%22%5D%7D%5D%2C%22formatted_address%22%3A%22United+States%22%2C%22population%22%3A327167434%2C%22workplace_types%22%3A%5B%5D%2C%22options%22%3A%7B%22flexible_regions%22%3A%5B%22anywhere_in_continent%22%2C%22anywhere_in_world%22%5D%7D%7D%5D%2C%22searchQuery%22%3A%22Backend+Engineer%22%7D&page=13

Processing page 14...
  Scrolling to load all job cards...
  Found 40 job cards on page 14
  Navigating to next page: https://hiringcafe.com/?searchState=%7B%22locations%22%3A%5B%7B%22id%22%3A%22FxY1yZQBoEtHp_8UEq7V%22%2C%22types%22%3A%5B%22country%22%5D%2C%22address_components%22%3A%5B%7B%22long_name%22%3A%22United+States%22%2C%22short_name%22%3A%22US%22%2C%22types%22%3A%5B%22country%22%5D%7D%5D%2C%22formatted_address%22%3A%22United+States%22%2C%22population%22%3A327167434%2C%22workplace_types%22%3A%5B%5D%2C%22options%22%3A%7B%22flexible_regions%22%3A%5B%22anywhere_in_continent%22%2C%22anywhere_in_world%22%5D%7D%7D%5D%2C%22searchQuery%22%3A%22Backend+Engineer%22%7D&page=14

Processing page 15...
  Scrolling to load all job cards...
  Found 40 job cards on page 15
  Navigating to next page: https://hiringcafe.com/?searchState=%7B%22locations%22%3A%5B%7B%22id%22%3A%22FxY1yZQBoEtHp_8UEq7V%22%2C%22types%22%3A%5B%22country%22%5D%2C%22address_components%22%3A%5B%7B%22long_name%22%3A%22United+States%22%2C%22short_name%22%3A%22US%22%2C%22types%22%3A%5B%22country%22%5D%7D%5D%2C%22formatted_address%22%3A%22United+States%22%2C%22population%22%3A327167434%2C%22workplace_types%22%3A%5B%5D%2C%22options%22%3A%7B%22flexible_regions%22%3A%5B%22anywhere_in_continent%22%2C%22anywhere_in_world%22%5D%7D%7D%5D%2C%22searchQuery%22%3A%22Backend+Engineer%22%7D&page=15

Processing page 16...
  Scrolling to load all job cards...
  Found 40 job cards on page 16
  Navigating to next page: https://hiringcafe.com/?searchState=%7B%22locations%22%3A%5B%7B%22id%22%3A%22FxY1yZQBoEtHp_8UEq7V%22%2C%22types%22%3A%5B%22country%22%5D%2C%22address_components%22%3A%5B%7B%22long_name%22%3A%22United+States%22%2C%22short_name%22%3A%22US%22%2C%22types%22%3A%5B%22country%22%5D%7D%5D%2C%22formatted_address%22%3A%22United+States%22%2C%22population%22%3A327167434%2C%22workplace_types%22%3A%5B%5D%2C%22options%22%3A%7B%22flexible_regions%22%3A%5B%22anywhere_in_continent%22%2C%22anywhere_in_world%22%5D%7D%7D%5D%2C%22searchQuery%22%3A%22Backend+Engineer%22%7D&page=16

Processing page 17...
  Scrolling to load all job cards...
  Found 40 job cards on page 17
  Navigating to next page: https://hiringcafe.com/?searchState=%7B%22locations%22%3A%5B%7B%22id%22%3A%22FxY1yZQBoEtHp_8UEq7V%22%2C%22types%22%3A%5B%22country%22%5D%2C%22address_components%22%3A%5B%7B%22long_name%22%3A%22United+States%22%2C%22short_name%22%3A%22US%22%2C%22types%22%3A%5B%22country%22%5D%7D%5D%2C%22formatted_address%22%3A%22United+States%22%2C%22population%22%3A327167434%2C%22workplace_types%22%3A%5B%5D%2C%22options%22%3A%7B%22flexible_regions%22%3A%5B%22anywhere_in_continent%22%2C%22anywhere_in_world%22%5D%7D%7D%5D%2C%22searchQuery%22%3A%22Backend+Engineer%22%7D&page=17

Processing page 18...
  Scrolling to load all job cards...
  Found 40 job cards on page 18
  Navigating to next page: https://hiringcafe.com/?searchState=%7B%22locations%22%3A%5B%7B%22id%22%3A%22FxY1yZQBoEtHp_8UEq7V%22%2C%22types%22%3A%5B%22country%22%5D%2C%22address_components%22%3A%5B%7B%22long_name%22%3A%22United+States%22%2C%22short_name%22%3A%22US%22%2C%22types%22%3A%5B%22country%22%5D%7D%5D%2C%22formatted_address%22%3A%22United+States%22%2C%22population%22%3A327167434%2C%22workplace_types%22%3A%5B%5D%2C%22options%22%3A%7B%22flexible_regions%22%3A%5B%22anywhere_in_continent%22%2C%22anywhere_in_world%22%5D%7D%7D%5D%2C%22searchQuery%22%3A%22Backend+Engineer%22%7D&page=18

Processing page 19...
  Scrolling to load all job cards...
  Found 40 job cards on page 19
  Navigating to next page: https://hiringcafe.com/?searchState=%7B%22locations%22%3A%5B%7B%22id%22%3A%22FxY1yZQBoEtHp_8UEq7V%22%2C%22types%22%3A%5B%22country%22%5D%2C%22address_components%22%3A%5B%7B%22long_name%22%3A%22United+States%22%2C%22short_name%22%3A%22US%22%2C%22types%22%3A%5B%22country%22%5D%7D%5D%2C%22formatted_address%22%3A%22United+States%22%2C%22population%22%3A327167434%2C%22workplace_types%22%3A%5B%5D%2C%22options%22%3A%7B%22flexible_regions%22%3A%5B%22anywhere_in_continent%22%2C%22anywhere_in_world%22%5D%7D%7D%5D%2C%22searchQuery%22%3A%22Backend+Engineer%22%7D&page=19

Processing page 20...
  Scrolling to load all job cards...
  Found 40 job cards on page 20
  Navigating to next page: https://hiringcafe.com/?searchState=%7B%22locations%22%3A%5B%7B%22id%22%3A%22FxY1yZQBoEtHp_8UEq7V%22%2C%22types%22%3A%5B%22country%22%5D%2C%22address_components%22%3A%5B%7B%22long_name%22%3A%22United+States%22%2C%22short_name%22%3A%22US%22%2C%22types%22%3A%5B%22country%22%5D%7D%5D%2C%22formatted_address%22%3A%22United+States%22%2C%22population%22%3A327167434%2C%22workplace_types%22%3A%5B%5D%2C%22options%22%3A%7B%22flexible_regions%22%3A%5B%22anywhere_in_continent%22%2C%22anywhere_in_world%22%5D%7D%7D%5D%2C%22searchQuery%22%3A%22Backend+Engineer%22%7D&page=20

Processing page 21...
  Scrolling to load all job cards...
  Found 40 job cards on page 21
  Navigating to next page: https://hiringcafe.com/?searchState=%7B%22locations%22%3A%5B%7B%22id%22%3A%22FxY1yZQBoEtHp_8UEq7V%22%2C%22types%22%3A%5B%22country%22%5D%2C%22address_components%22%3A%5B%7B%22long_name%22%3A%22United+States%22%2C%22short_name%22%3A%22US%22%2C%22types%22%3A%5B%22country%22%5D%7D%5D%2C%22formatted_address%22%3A%22United+States%22%2C%22population%22%3A327167434%2C%22workplace_types%22%3A%5B%5D%2C%22options%22%3A%7B%22flexible_regions%22%3A%5B%22anywhere_in_continent%22%2C%22anywhere_in_world%22%5D%7D%7D%5D%2C%22searchQuery%22%3A%22Backend+Engineer%22%7D&page=21

Processing page 22...
  Scrolling to load all job cards...
  Found 40 job cards on page 22
  Navigating to next page: https://hiringcafe.com/?searchState=%7B%22locations%22%3A%5B%7B%22id%22%3A%22FxY1yZQBoEtHp_8UEq7V%22%2C%22types%22%3A%5B%22country%22%5D%2C%22address_components%22%3A%5B%7B%22long_name%22%3A%22United+States%22%2C%22short_name%22%3A%22US%22%2C%22types%22%3A%5B%22country%22%5D%7D%5D%2C%22formatted_address%22%3A%22United+States%22%2C%22population%22%3A327167434%2C%22workplace_types%22%3A%5B%5D%2C%22options%22%3A%7B%22flexible_regions%22%3A%5B%22anywhere_in_continent%22%2C%22anywhere_in_world%22%5D%7D%7D%5D%2C%22searchQuery%22%3A%22Backend+Engineer%22%7D&page=22

Processing page 23...
  Scrolling to load all job cards...
  Found 40 job cards on page 23
  Navigating to next page: https://hiringcafe.com/?searchState=%7B%22locations%22%3A%5B%7B%22id%22%3A%22FxY1yZQBoEtHp_8UEq7V%22%2C%22types%22%3A%5B%22country%22%5D%2C%22address_components%22%3A%5B%7B%22long_name%22%3A%22United+States%22%2C%22short_name%22%3A%22US%22%2C%22types%22%3A%5B%22country%22%5D%7D%5D%2C%22formatted_address%22%3A%22United+States%22%2C%22population%22%3A327167434%2C%22workplace_types%22%3A%5B%5D%2C%22options%22%3A%7B%22flexible_regions%22%3A%5B%22anywhere_in_continent%22%2C%22anywhere_in_world%22%5D%7D%7D%5D%2C%22searchQuery%22%3A%22Backend+Engineer%22%7D&page=23

Processing page 24...
  Scrolling to load all job cards...
  Found 40 job cards on page 24
  Navigating to next page: https://hiringcafe.com/?searchState=%7B%22locations%22%3A%5B%7B%22id%22%3A%22FxY1yZQBoEtHp_8UEq7V%22%2C%22types%22%3A%5B%22country%22%5D%2C%22address_components%22%3A%5B%7B%22long_name%22%3A%22United+States%22%2C%22short_name%22%3A%22US%22%2C%22types%22%3A%5B%22country%22%5D%7D%5D%2C%22formatted_address%22%3A%22United+States%22%2C%22population%22%3A327167434%2C%22workplace_types%22%3A%5B%5D%2C%22options%22%3A%7B%22flexible_regions%22%3A%5B%22anywhere_in_continent%22%2C%22anywhere_in_world%22%5D%7D%7D%5D%2C%22searchQuery%22%3A%22Backend+Engineer%22%7D&page=24

Processing page 25...
  Scrolling to load all job cards...
  Found 40 job cards on page 25
  Navigating to next page: https://hiringcafe.com/?searchState=%7B%22locations%22%3A%5B%7B%22id%22%3A%22FxY1yZQBoEtHp_8UEq7V%22%2C%22types%22%3A%5B%22country%22%5D%2C%22address_components%22%3A%5B%7B%22long_name%22%3A%22United+States%22%2C%22short_name%22%3A%22US%22%2C%22types%22%3A%5B%22country%22%5D%7D%5D%2C%22formatted_address%22%3A%22United+States%22%2C%22population%22%3A327167434%2C%22workplace_types%22%3A%5B%5D%2C%22options%22%3A%7B%22flexible_regions%22%3A%5B%22anywhere_in_continent%22%2C%22anywhere_in_world%22%5D%7D%7D%5D%2C%22searchQuery%22%3A%22Backend+Engineer%22%7D&page=25

Processing page 26...
  Scrolling to load all job cards...
  Found 40 job cards on page 26
  Navigating to next page: https://hiringcafe.com/?searchState=%7B%22locations%22%3A%5B%7B%22id%22%3A%22FxY1yZQBoEtHp_8UEq7V%22%2C%22types%22%3A%5B%22country%22%5D%2C%22address_components%22%3A%5B%7B%22long_name%22%3A%22United+States%22%2C%22short_name%22%3A%22US%22%2C%22types%22%3A%5B%22country%22%5D%7D%5D%2C%22formatted_address%22%3A%22United+States%22%2C%22population%22%3A327167434%2C%22workplace_types%22%3A%5B%5D%2C%22options%22%3A%7B%22flexible_regions%22%3A%5B%22anywhere_in_continent%22%2C%22anywhere_in_world%22%5D%7D%7D%5D%2C%22searchQuery%22%3A%22Backend+Engineer%22%7D&page=26

Processing page 27...
  Scrolling to load all job cards...
  Found 40 job cards on page 27
  Navigating to next page: https://hiringcafe.com/?searchState=%7B%22locations%22%3A%5B%7B%22id%22%3A%22FxY1yZQBoEtHp_8UEq7V%22%2C%22types%22%3A%5B%22country%22%5D%2C%22address_components%22%3A%5B%7B%22long_name%22%3A%22United+States%22%2C%22short_name%22%3A%22US%22%2C%22types%22%3A%5B%22country%22%5D%7D%5D%2C%22formatted_address%22%3A%22United+States%22%2C%22population%22%3A327167434%2C%22workplace_types%22%3A%5B%5D%2C%22options%22%3A%7B%22flexible_regions%22%3A%5B%22anywhere_in_continent%22%2C%22anywhere_in_world%22%5D%7D%7D%5D%2C%22searchQuery%22%3A%22Backend+Engineer%22%7D&page=27

Processing page 28...
  Scrolling to load all job cards...
  Found 40 job cards on page 28
  Navigating to next page: https://hiringcafe.com/?searchState=%7B%22locations%22%3A%5B%7B%22id%22%3A%22FxY1yZQBoEtHp_8UEq7V%22%2C%22types%22%3A%5B%22country%22%5D%2C%22address_components%22%3A%5B%7B%22long_name%22%3A%22United+States%22%2C%22short_name%22%3A%22US%22%2C%22types%22%3A%5B%22country%22%5D%7D%5D%2C%22formatted_address%22%3A%22United+States%22%2C%22population%22%3A327167434%2C%22workplace_types%22%3A%5B%5D%2C%22options%22%3A%7B%22flexible_regions%22%3A%5B%22anywhere_in_continent%22%2C%22anywhere_in_world%22%5D%7D%7D%5D%2C%22searchQuery%22%3A%22Backend+Engineer%22%7D&page=28

Processing page 29...
  Scrolling to load all job cards...
  Found 40 job cards on page 29
  Navigating to next page: https://hiringcafe.com/?searchState=%7B%22locations%22%3A%5B%7B%22id%22%3A%22FxY1yZQBoEtHp_8UEq7V%22%2C%22types%22%3A%5B%22country%22%5D%2C%22address_components%22%3A%5B%7B%22long_name%22%3A%22United+States%22%2C%22short_name%22%3A%22US%22%2C%22types%22%3A%5B%22country%22%5D%7D%5D%2C%22formatted_address%22%3A%22United+States%22%2C%22population%22%3A327167434%2C%22workplace_types%22%3A%5B%5D%2C%22options%22%3A%7B%22flexible_regions%22%3A%5B%22anywhere_in_continent%22%2C%22anywhere_in_world%22%5D%7D%7D%5D%2C%22searchQuery%22%3A%22Backend+Engineer%22%7D&page=29

Processing page 30...
  Scrolling to load all job cards...
  Found 40 job cards on page 30
  Navigating to next page: https://hiringcafe.com/?searchState=%7B%22locations%22%3A%5B%7B%22id%22%3A%22FxY1yZQBoEtHp_8UEq7V%22%2C%22types%22%3A%5B%22country%22%5D%2C%22address_components%22%3A%5B%7B%22long_name%22%3A%22United+States%22%2C%22short_name%22%3A%22US%22%2C%22types%22%3A%5B%22country%22%5D%7D%5D%2C%22formatted_address%22%3A%22United+States%22%2C%22population%22%3A327167434%2C%22workplace_types%22%3A%5B%5D%2C%22options%22%3A%7B%22flexible_regions%22%3A%5B%22anywhere_in_continent%22%2C%22anywhere_in_world%22%5D%7D%7D%5D%2C%22searchQuery%22%3A%22Backend+Engineer%22%7D&page=30

Processing page 31...
  Scrolling to load all job cards...
  Found 40 job cards on page 31
  Navigating to next page: https://hiringcafe.com/?searchState=%7B%22locations%22%3A%5B%7B%22id%22%3A%22FxY1yZQBoEtHp_8UEq7V%22%2C%22types%22%3A%5B%22country%22%5D%2C%22address_components%22%3A%5B%7B%22long_name%22%3A%22United+States%22%2C%22short_name%22%3A%22US%22%2C%22types%22%3A%5B%22country%22%5D%7D%5D%2C%22formatted_address%22%3A%22United+States%22%2C%22population%22%3A327167434%2C%22workplace_types%22%3A%5B%5D%2C%22options%22%3A%7B%22flexible_regions%22%3A%5B%22anywhere_in_continent%22%2C%22anywhere_in_world%22%5D%7D%7D%5D%2C%22searchQuery%22%3A%22Backend+Engineer%22%7D&page=31

Processing page 32...
  Scrolling to load all job cards...
  Found 40 job cards on page 32
  Navigating to next page: https://hiringcafe.com/?searchState=%7B%22locations%22%3A%5B%7B%22id%22%3A%22FxY1yZQBoEtHp_8UEq7V%22%2C%22types%22%3A%5B%22country%22%5D%2C%22address_components%22%3A%5B%7B%22long_name%22%3A%22United+States%22%2C%22short_name%22%3A%22US%22%2C%22types%22%3A%5B%22country%22%5D%7D%5D%2C%22formatted_address%22%3A%22United+States%22%2C%22population%22%3A327167434%2C%22workplace_types%22%3A%5B%5D%2C%22options%22%3A%7B%22flexible_regions%22%3A%5B%22anywhere_in_continent%22%2C%22anywhere_in_world%22%5D%7D%7D%5D%2C%22searchQuery%22%3A%22Backend+Engineer%22%7D&page=32

Processing page 33...
  Scrolling to load all job cards...
  Found 40 job cards on page 33
  Navigating to next page: https://hiringcafe.com/?searchState=%7B%22locations%22%3A%5B%7B%22id%22%3A%22FxY1yZQBoEtHp_8UEq7V%22%2C%22types%22%3A%5B%22country%22%5D%2C%22address_components%22%3A%5B%7B%22long_name%22%3A%22United+States%22%2C%22short_name%22%3A%22US%22%2C%22types%22%3A%5B%22country%22%5D%7D%5D%2C%22formatted_address%22%3A%22United+States%22%2C%22population%22%3A327167434%2C%22workplace_types%22%3A%5B%5D%2C%22options%22%3A%7B%22flexible_regions%22%3A%5B%22anywhere_in_continent%22%2C%22anywhere_in_world%22%5D%7D%7D%5D%2C%22searchQuery%22%3A%22Backend+Engineer%22%7D&page=33

Processing page 34...
  Scrolling to load all job cards...
  Found 40 job cards on page 34
  Navigating to next page: https://hiringcafe.com/?searchState=%7B%22locations%22%3A%5B%7B%22id%22%3A%22FxY1yZQBoEtHp_8UEq7V%22%2C%22types%22%3A%5B%22country%22%5D%2C%22address_components%22%3A%5B%7B%22long_name%22%3A%22United+States%22%2C%22short_name%22%3A%22US%22%2C%22types%22%3A%5B%22country%22%5D%7D%5D%2C%22formatted_address%22%3A%22United+States%22%2C%22population%22%3A327167434%2C%22workplace_types%22%3A%5B%5D%2C%22options%22%3A%7B%22flexible_regions%22%3A%5B%22anywhere_in_continent%22%2C%22anywhere_in_world%22%5D%7D%7D%5D%2C%22searchQuery%22%3A%22Backend+Engineer%22%7D&page=34

Processing page 35...
  Scrolling to load all job cards...
  Found 40 job cards on page 35
  Navigating to next page: https://hiringcafe.com/?searchState=%7B%22locations%22%3A%5B%7B%22id%22%3A%22FxY1yZQBoEtHp_8UEq7V%22%2C%22types%22%3A%5B%22country%22%5D%2C%22address_components%22%3A%5B%7B%22long_name%22%3A%22United+States%22%2C%22short_name%22%3A%22US%22%2C%22types%22%3A%5B%22country%22%5D%7D%5D%2C%22formatted_address%22%3A%22United+States%22%2C%22population%22%3A327167434%2C%22workplace_types%22%3A%5B%5D%2C%22options%22%3A%7B%22flexible_regions%22%3A%5B%22anywhere_in_continent%22%2C%22anywhere_in_world%22%5D%7D%7D%5D%2C%22searchQuery%22%3A%22Backend+Engineer%22%7D&page=35

Processing page 36...
  Scrolling to load all job cards...
  Found 40 job cards on page 36
  Navigating to next page: https://hiringcafe.com/?searchState=%7B%22locations%22%3A%5B%7B%22id%22%3A%22FxY1yZQBoEtHp_8UEq7V%22%2C%22types%22%3A%5B%22country%22%5D%2C%22address_components%22%3A%5B%7B%22long_name%22%3A%22United+States%22%2C%22short_name%22%3A%22US%22%2C%22types%22%3A%5B%22country%22%5D%7D%5D%2C%22formatted_address%22%3A%22United+States%22%2C%22population%22%3A327167434%2C%22workplace_types%22%3A%5B%5D%2C%22options%22%3A%7B%22flexible_regions%22%3A%5B%22anywhere_in_continent%22%2C%22anywhere_in_world%22%5D%7D%7D%5D%2C%22searchQuery%22%3A%22Backend+Engineer%22%7D&page=36

Processing page 37...
  Scrolling to load all job cards...
  Found 40 job cards on page 37
  Navigating to next page: https://hiringcafe.com/?searchState=%7B%22locations%22%3A%5B%7B%22id%22%3A%22FxY1yZQBoEtHp_8UEq7V%22%2C%22types%22%3A%5B%22country%22%5D%2C%22address_components%22%3A%5B%7B%22long_name%22%3A%22United+States%22%2C%22short_name%22%3A%22US%22%2C%22types%22%3A%5B%22country%22%5D%7D%5D%2C%22formatted_address%22%3A%22United+States%22%2C%22population%22%3A327167434%2C%22workplace_types%22%3A%5B%5D%2C%22options%22%3A%7B%22flexible_regions%22%3A%5B%22anywhere_in_continent%22%2C%22anywhere_in_world%22%5D%7D%7D%5D%2C%22searchQuery%22%3A%22Backend+Engineer%22%7D&page=37

Processing page 38...
  Scrolling to load all job cards...
  Found 40 job cards on page 38
  Navigating to next page: https://hiringcafe.com/?searchState=%7B%22locations%22%3A%5B%7B%22id%22%3A%22FxY1yZQBoEtHp_8UEq7V%22%2C%22types%22%3A%5B%22country%22%5D%2C%22address_components%22%3A%5B%7B%22long_name%22%3A%22United+States%22%2C%22short_name%22%3A%22US%22%2C%22types%22%3A%5B%22country%22%5D%7D%5D%2C%22formatted_address%22%3A%22United+States%22%2C%22population%22%3A327167434%2C%22workplace_types%22%3A%5B%5D%2C%22options%22%3A%7B%22flexible_regions%22%3A%5B%22anywhere_in_continent%22%2C%22anywhere_in_world%22%5D%7D%7D%5D%2C%22searchQuery%22%3A%22Backend+Engineer%22%7D&page=38

Processing page 39...
  Scrolling to load all job cards...
  Found 40 job cards on page 39
  Navigating to next page: https://hiringcafe.com/?searchState=%7B%22locations%22%3A%5B%7B%22id%22%3A%22FxY1yZQBoEtHp_8UEq7V%22%2C%22types%22%3A%5B%22country%22%5D%2C%22address_components%22%3A%5B%7B%22long_name%22%3A%22United+States%22%2C%22short_name%22%3A%22US%22%2C%22types%22%3A%5B%22country%22%5D%7D%5D%2C%22formatted_address%22%3A%22United+States%22%2C%22population%22%3A327167434%2C%22workplace_types%22%3A%5B%5D%2C%22options%22%3A%7B%22flexible_regions%22%3A%5B%22anywhere_in_continent%22%2C%22anywhere_in_world%22%5D%7D%7D%5D%2C%22searchQuery%22%3A%22Backend+Engineer%22%7D&page=39

Processing page 40...
  Scrolling to load all job cards...
  Found 40 job cards on page 40
  Navigating to next page: https://hiringcafe.com/?searchState=%7B%22locations%22%3A%5B%7B%22id%22%3A%22FxY1yZQBoEtHp_8UEq7V%22%2C%22types%22%3A%5B%22country%22%5D%2C%22address_components%22%3A%5B%7B%22long_name%22%3A%22United+States%22%2C%22short_name%22%3A%22US%22%2C%22types%22%3A%5B%22country%22%5D%7D%5D%2C%22formatted_address%22%3A%22United+States%22%2C%22population%22%3A327167434%2C%22workplace_types%22%3A%5B%5D%2C%22options%22%3A%7B%22flexible_regions%22%3A%5B%22anywhere_in_continent%22%2C%22anywhere_in_world%22%5D%7D%7D%5D%2C%22searchQuery%22%3A%22Backend+Engineer%22%7D&page=40

Processing page 41...
  Scrolling to load all job cards...
  Found 40 job cards on page 41
  Navigating to next page: https://hiringcafe.com/?searchState=%7B%22locations%22%3A%5B%7B%22id%22%3A%22FxY1yZQBoEtHp_8UEq7V%22%2C%22types%22%3A%5B%22country%22%5D%2C%22address_components%22%3A%5B%7B%22long_name%22%3A%22United+States%22%2C%22short_name%22%3A%22US%22%2C%22types%22%3A%5B%22country%22%5D%7D%5D%2C%22formatted_address%22%3A%22United+States%22%2C%22population%22%3A327167434%2C%22workplace_types%22%3A%5B%5D%2C%22options%22%3A%7B%22flexible_regions%22%3A%5B%22anywhere_in_continent%22%2C%22anywhere_in_world%22%5D%7D%7D%5D%2C%22searchQuery%22%3A%22Backend+Engineer%22%7D&page=41

Processing page 42...
  Scrolling to load all job cards...
  Found 40 job cards on page 42
  Navigating to next page: https://hiringcafe.com/?searchState=%7B%22locations%22%3A%5B%7B%22id%22%3A%22FxY1yZQBoEtHp_8UEq7V%22%2C%22types%22%3A%5B%22country%22%5D%2C%22address_components%22%3A%5B%7B%22long_name%22%3A%22United+States%22%2C%22short_name%22%3A%22US%22%2C%22types%22%3A%5B%22country%22%5D%7D%5D%2C%22formatted_address%22%3A%22United+States%22%2C%22population%22%3A327167434%2C%22workplace_types%22%3A%5B%5D%2C%22options%22%3A%7B%22flexible_regions%22%3A%5B%22anywhere_in_continent%22%2C%22anywhere_in_world%22%5D%7D%7D%5D%2C%22searchQuery%22%3A%22Backend+Engineer%22%7D&page=42

Processing page 43...
  Scrolling to load all job cards...
  Found 40 job cards on page 43
  Navigating to next page: https://hiringcafe.com/?searchState=%7B%22locations%22%3A%5B%7B%22id%22%3A%22FxY1yZQBoEtHp_8UEq7V%22%2C%22types%22%3A%5B%22country%22%5D%2C%22address_components%22%3A%5B%7B%22long_name%22%3A%22United+States%22%2C%22short_name%22%3A%22US%22%2C%22types%22%3A%5B%22country%22%5D%7D%5D%2C%22formatted_address%22%3A%22United+States%22%2C%22population%22%3A327167434%2C%22workplace_types%22%3A%5B%5D%2C%22options%22%3A%7B%22flexible_regions%22%3A%5B%22anywhere_in_continent%22%2C%22anywhere_in_world%22%5D%7D%7D%5D%2C%22searchQuery%22%3A%22Backend+Engineer%22%7D&page=43

Processing page 44...
  Scrolling to load all job cards...
  Found 40 job cards on page 44
  Navigating to next page: https://hiringcafe.com/?searchState=%7B%22locations%22%3A%5B%7B%22id%22%3A%22FxY1yZQBoEtHp_8UEq7V%22%2C%22types%22%3A%5B%22country%22%5D%2C%22address_components%22%3A%5B%7B%22long_name%22%3A%22United+States%22%2C%22short_name%22%3A%22US%22%2C%22types%22%3A%5B%22country%22%5D%7D%5D%2C%22formatted_address%22%3A%22United+States%22%2C%22population%22%3A327167434%2C%22workplace_types%22%3A%5B%5D%2C%22options%22%3A%7B%22flexible_regions%22%3A%5B%22anywhere_in_continent%22%2C%22anywhere_in_world%22%5D%7D%7D%5D%2C%22searchQuery%22%3A%22Backend+Engineer%22%7D&page=44

Processing page 45...
  Scrolling to load all job cards...
  Found 40 job cards on page 45
  Navigating to next page: https://hiringcafe.com/?searchState=%7B%22locations%22%3A%5B%7B%22id%22%3A%22FxY1yZQBoEtHp_8UEq7V%22%2C%22types%22%3A%5B%22country%22%5D%2C%22address_components%22%3A%5B%7B%22long_name%22%3A%22United+States%22%2C%22short_name%22%3A%22US%22%2C%22types%22%3A%5B%22country%22%5D%7D%5D%2C%22formatted_address%22%3A%22United+States%22%2C%22population%22%3A327167434%2C%22workplace_types%22%3A%5B%5D%2C%22options%22%3A%7B%22flexible_regions%22%3A%5B%22anywhere_in_continent%22%2C%22anywhere_in_world%22%5D%7D%7D%5D%2C%22searchQuery%22%3A%22Backend+Engineer%22%7D&page=45

Processing page 46...
  Scrolling to load all job cards...
  Found 40 job cards on page 46
  Navigating to next page: https://hiringcafe.com/?searchState=%7B%22locations%22%3A%5B%7B%22id%22%3A%22FxY1yZQBoEtHp_8UEq7V%22%2C%22types%22%3A%5B%22country%22%5D%2C%22address_components%22%3A%5B%7B%22long_name%22%3A%22United+States%22%2C%22short_name%22%3A%22US%22%2C%22types%22%3A%5B%22country%22%5D%7D%5D%2C%22formatted_address%22%3A%22United+States%22%2C%22population%22%3A327167434%2C%22workplace_types%22%3A%5B%5D%2C%22options%22%3A%7B%22flexible_regions%22%3A%5B%22anywhere_in_continent%22%2C%22anywhere_in_world%22%5D%7D%7D%5D%2C%22searchQuery%22%3A%22Backend+Engineer%22%7D&page=46

Processing page 47...
  Scrolling to load all job cards...
  Found 40 job cards on page 47
  Navigating to next page: https://hiringcafe.com/?searchState=%7B%22locations%22%3A%5B%7B%22id%22%3A%22FxY1yZQBoEtHp_8UEq7V%22%2C%22types%22%3A%5B%22country%22%5D%2C%22address_components%22%3A%5B%7B%22long_name%22%3A%22United+States%22%2C%22short_name%22%3A%22US%22%2C%22types%22%3A%5B%22country%22%5D%7D%5D%2C%22formatted_address%22%3A%22United+States%22%2C%22population%22%3A327167434%2C%22workplace_types%22%3A%5B%5D%2C%22options%22%3A%7B%22flexible_regions%22%3A%5B%22anywhere_in_continent%22%2C%22anywhere_in_world%22%5D%7D%7D%5D%2C%22searchQuery%22%3A%22Backend+Engineer%22%7D&page=47

Processing page 48...
  Scrolling to load all job cards...
  Found 40 job cards on page 48
  Navigating to next page: https://hiringcafe.com/?searchState=%7B%22locations%22%3A%5B%7B%22id%22%3A%22FxY1yZQBoEtHp_8UEq7V%22%2C%22types%22%3A%5B%22country%22%5D%2C%22address_components%22%3A%5B%7B%22long_name%22%3A%22United+States%22%2C%22short_name%22%3A%22US%22%2C%22types%22%3A%5B%22country%22%5D%7D%5D%2C%22formatted_address%22%3A%22United+States%22%2C%22population%22%3A327167434%2C%22workplace_types%22%3A%5B%5D%2C%22options%22%3A%7B%22flexible_regions%22%3A%5B%22anywhere_in_continent%22%2C%22anywhere_in_world%22%5D%7D%7D%5D%2C%22searchQuery%22%3A%22Backend+Engineer%22%7D&page=48

Processing page 49...
  Scrolling to load all job cards...
  Found 40 job cards on page 49
  Navigating to next page: https://hiringcafe.com/?searchState=%7B%22locations%22%3A%5B%7B%22id%22%3A%22FxY1yZQBoEtHp_8UEq7V%22%2C%22types%22%3A%5B%22country%22%5D%2C%22address_components%22%3A%5B%7B%22long_name%22%3A%22United+States%22%2C%22short_name%22%3A%22US%22%2C%22types%22%3A%5B%22country%22%5D%7D%5D%2C%22formatted_address%22%3A%22United+States%22%2C%22population%22%3A327167434%2C%22workplace_types%22%3A%5B%5D%2C%22options%22%3A%7B%22flexible_regions%22%3A%5B%22anywhere_in_continent%22%2C%22anywhere_in_world%22%5D%7D%7D%5D%2C%22searchQuery%22%3A%22Backend+Engineer%22%7D&page=49

Processing page 50...
  Scrolling to load all job cards...
  Found 40 job cards on page 50
  Navigating to next page: https://hiringcafe.com/?searchState=%7B%22locations%22%3A%5B%7B%22id%22%3A%22FxY1yZQBoEtHp_8UEq7V%22%2C%22types%22%3A%5B%22country%22%5D%2C%22address_components%22%3A%5B%7B%22long_name%22%3A%22United+States%22%2C%22short_name%22%3A%22US%22%2C%22types%22%3A%5B%22country%22%5D%7D%5D%2C%22formatted_address%22%3A%22United+States%22%2C%22population%22%3A327167434%2C%22workplace_types%22%3A%5B%5D%2C%22options%22%3A%7B%22flexible_regions%22%3A%5B%22anywhere_in_continent%22%2C%22anywhere_in_world%22%5D%7D%7D%5D%2C%22searchQuery%22%3A%22Backend+Engineer%22%7D&page=50

Processing page 51...
  Scrolling to load all job cards...
  Found 40 job cards on page 51
  Navigating to next page: https://hiringcafe.com/?searchState=%7B%22locations%22%3A%5B%7B%22id%22%3A%22FxY1yZQBoEtHp_8UEq7V%22%2C%22types%22%3A%5B%22country%22%5D%2C%22address_components%22%3A%5B%7B%22long_name%22%3A%22United+States%22%2C%22short_name%22%3A%22US%22%2C%22types%22%3A%5B%22country%22%5D%7D%5D%2C%22formatted_address%22%3A%22United+States%22%2C%22population%22%3A327167434%2C%22workplace_types%22%3A%5B%5D%2C%22options%22%3A%7B%22flexible_regions%22%3A%5B%22anywhere_in_continent%22%2C%22anywhere_in_world%22%5D%7D%7D%5D%2C%22searchQuery%22%3A%22Backend+Engineer%22%7D&page=51

Processing page 52...
  Scrolling to load all job cards...
  Found 40 job cards on page 52
  Navigating to next page: https://hiringcafe.com/?searchState=%7B%22locations%22%3A%5B%7B%22id%22%3A%22FxY1yZQBoEtHp_8UEq7V%22%2C%22types%22%3A%5B%22country%22%5D%2C%22address_components%22%3A%5B%7B%22long_name%22%3A%22United+States%22%2C%22short_name%22%3A%22US%22%2C%22types%22%3A%5B%22country%22%5D%7D%5D%2C%22formatted_address%22%3A%22United+States%22%2C%22population%22%3A327167434%2C%22workplace_types%22%3A%5B%5D%2C%22options%22%3A%7B%22flexible_regions%22%3A%5B%22anywhere_in_continent%22%2C%22anywhere_in_world%22%5D%7D%7D%5D%2C%22searchQuery%22%3A%22Backend+Engineer%22%7D&page=52

Processing page 53...
  Scrolling to load all job cards...
  Found 40 job cards on page 53
  Navigating to next page: https://hiringcafe.com/?searchState=%7B%22locations%22%3A%5B%7B%22id%22%3A%22FxY1yZQBoEtHp_8UEq7V%22%2C%22types%22%3A%5B%22country%22%5D%2C%22address_components%22%3A%5B%7B%22long_name%22%3A%22United+States%22%2C%22short_name%22%3A%22US%22%2C%22types%22%3A%5B%22country%22%5D%7D%5D%2C%22formatted_address%22%3A%22United+States%22%2C%22population%22%3A327167434%2C%22workplace_types%22%3A%5B%5D%2C%22options%22%3A%7B%22flexible_regions%22%3A%5B%22anywhere_in_continent%22%2C%22anywhere_in_world%22%5D%7D%7D%5D%2C%22searchQuery%22%3A%22Backend+Engineer%22%7D&page=53

Processing page 54...
  Scrolling to load all job cards...
  Found 40 job cards on page 54
  Navigating to next page: https://hiringcafe.com/?searchState=%7B%22locations%22%3A%5B%7B%22id%22%3A%22FxY1yZQBoEtHp_8UEq7V%22%2C%22types%22%3A%5B%22country%22%5D%2C%22address_components%22%3A%5B%7B%22long_name%22%3A%22United+States%22%2C%22short_name%22%3A%22US%22%2C%22types%22%3A%5B%22country%22%5D%7D%5D%2C%22formatted_address%22%3A%22United+States%22%2C%22population%22%3A327167434%2C%22workplace_types%22%3A%5B%5D%2C%22options%22%3A%7B%22flexible_regions%22%3A%5B%22anywhere_in_continent%22%2C%22anywhere_in_world%22%5D%7D%7D%5D%2C%22searchQuery%22%3A%22Backend+Engineer%22%7D&page=54

Processing page 55...
  Scrolling to load all job cards...
  Found 40 job cards on page 55
  Navigating to next page: https://hiringcafe.com/?searchState=%7B%22locations%22%3A%5B%7B%22id%22%3A%22FxY1yZQBoEtHp_8UEq7V%22%2C%22types%22%3A%5B%22country%22%5D%2C%22address_components%22%3A%5B%7B%22long_name%22%3A%22United+States%22%2C%22short_name%22%3A%22US%22%2C%22types%22%3A%5B%22country%22%5D%7D%5D%2C%22formatted_address%22%3A%22United+States%22%2C%22population%22%3A327167434%2C%22workplace_types%22%3A%5B%5D%2C%22options%22%3A%7B%22flexible_regions%22%3A%5B%22anywhere_in_continent%22%2C%22anywhere_in_world%22%5D%7D%7D%5D%2C%22searchQuery%22%3A%22Backend+Engineer%22%7D&page=55

Processing page 56...
  Scrolling to load all job cards...
  Found 40 job cards on page 56
  Navigating to next page: https://hiringcafe.com/?searchState=%7B%22locations%22%3A%5B%7B%22id%22%3A%22FxY1yZQBoEtHp_8UEq7V%22%2C%22types%22%3A%5B%22country%22%5D%2C%22address_components%22%3A%5B%7B%22long_name%22%3A%22United+States%22%2C%22short_name%22%3A%22US%22%2C%22types%22%3A%5B%22country%22%5D%7D%5D%2C%22formatted_address%22%3A%22United+States%22%2C%22population%22%3A327167434%2C%22workplace_types%22%3A%5B%5D%2C%22options%22%3A%7B%22flexible_regions%22%3A%5B%22anywhere_in_continent%22%2C%22anywhere_in_world%22%5D%7D%7D%5D%2C%22searchQuery%22%3A%22Backend+Engineer%22%7D&page=56

Processing page 57...
  Scrolling to load all job cards...
  Found 40 job cards on page 57
  Navigating to next page: https://hiringcafe.com/?searchState=%7B%22locations%22%3A%5B%7B%22id%22%3A%22FxY1yZQBoEtHp_8UEq7V%22%2C%22types%22%3A%5B%22country%22%5D%2C%22address_components%22%3A%5B%7B%22long_name%22%3A%22United+States%22%2C%22short_name%22%3A%22US%22%2C%22types%22%3A%5B%22country%22%5D%7D%5D%2C%22formatted_address%22%3A%22United+States%22%2C%22population%22%3A327167434%2C%22workplace_types%22%3A%5B%5D%2C%22options%22%3A%7B%22flexible_regions%22%3A%5B%22anywhere_in_continent%22%2C%22anywhere_in_world%22%5D%7D%7D%5D%2C%22searchQuery%22%3A%22Backend+Engineer%22%7D&page=57

Processing page 58...
  Scrolling to load all job cards...
  Found 40 job cards on page 58
  Navigating to next page: https://hiringcafe.com/?searchState=%7B%22locations%22%3A%5B%7B%22id%22%3A%22FxY1yZQBoEtHp_8UEq7V%22%2C%22types%22%3A%5B%22country%22%5D%2C%22address_components%22%3A%5B%7B%22long_name%22%3A%22United+States%22%2C%22short_name%22%3A%22US%22%2C%22types%22%3A%5B%22country%22%5D%7D%5D%2C%22formatted_address%22%3A%22United+States%22%2C%22population%22%3A327167434%2C%22workplace_types%22%3A%5B%5D%2C%22options%22%3A%7B%22flexible_regions%22%3A%5B%22anywhere_in_continent%22%2C%22anywhere_in_world%22%5D%7D%7D%5D%2C%22searchQuery%22%3A%22Backend+Engineer%22%7D&page=58

Processing page 59...
  Scrolling to load all job cards...
  Found 40 job cards on page 59
  Navigating to next page: https://hiringcafe.com/?searchState=%7B%22locations%22%3A%5B%7B%22id%22%3A%22FxY1yZQBoEtHp_8UEq7V%22%2C%22types%22%3A%5B%22country%22%5D%2C%22address_components%22%3A%5B%7B%22long_name%22%3A%22United+States%22%2C%22short_name%22%3A%22US%22%2C%22types%22%3A%5B%22country%22%5D%7D%5D%2C%22formatted_address%22%3A%22United+States%22%2C%22population%22%3A327167434%2C%22workplace_types%22%3A%5B%5D%2C%22options%22%3A%7B%22flexible_regions%22%3A%5B%22anywhere_in_continent%22%2C%22anywhere_in_world%22%5D%7D%7D%5D%2C%22searchQuery%22%3A%22Backend+Engineer%22%7D&page=59

Processing page 60...
  Scrolling to load all job cards...
  Found 40 job cards on page 60
  Navigating to next page: https://hiringcafe.com/?searchState=%7B%22locations%22%3A%5B%7B%22id%22%3A%22FxY1yZQBoEtHp_8UEq7V%22%2C%22types%22%3A%5B%22country%22%5D%2C%22address_components%22%3A%5B%7B%22long_name%22%3A%22United+States%22%2C%22short_name%22%3A%22US%22%2C%22types%22%3A%5B%22country%22%5D%7D%5D%2C%22formatted_address%22%3A%22United+States%22%2C%22population%22%3A327167434%2C%22workplace_types%22%3A%5B%5D%2C%22options%22%3A%7B%22flexible_regions%22%3A%5B%22anywhere_in_continent%22%2C%22anywhere_in_world%22%5D%7D%7D%5D%2C%22searchQuery%22%3A%22Backend+Engineer%22%7D&page=60

Processing page 61...
  Scrolling to load all job cards...
  Found 40 job cards on page 61
  Navigating to next page: https://hiringcafe.com/?searchState=%7B%22locations%22%3A%5B%7B%22id%22%3A%22FxY1yZQBoEtHp_8UEq7V%22%2C%22types%22%3A%5B%22country%22%5D%2C%22address_components%22%3A%5B%7B%22long_name%22%3A%22United+States%22%2C%22short_name%22%3A%22US%22%2C%22types%22%3A%5B%22country%22%5D%7D%5D%2C%22formatted_address%22%3A%22United+States%22%2C%22population%22%3A327167434%2C%22workplace_types%22%3A%5B%5D%2C%22options%22%3A%7B%22flexible_regions%22%3A%5B%22anywhere_in_continent%22%2C%22anywhere_in_world%22%5D%7D%7D%5D%2C%22searchQuery%22%3A%22Backend+Engineer%22%7D&page=61

Processing page 62...
  Scrolling to load all job cards...
  Found 40 job cards on page 62
  Navigating to next page: https://hiringcafe.com/?searchState=%7B%22locations%22%3A%5B%7B%22id%22%3A%22FxY1yZQBoEtHp_8UEq7V%22%2C%22types%22%3A%5B%22country%22%5D%2C%22address_components%22%3A%5B%7B%22long_name%22%3A%22United+States%22%2C%22short_name%22%3A%22US%22%2C%22types%22%3A%5B%22country%22%5D%7D%5D%2C%22formatted_address%22%3A%22United+States%22%2C%22population%22%3A327167434%2C%22workplace_types%22%3A%5B%5D%2C%22options%22%3A%7B%22flexible_regions%22%3A%5B%22anywhere_in_continent%22%2C%22anywhere_in_world%22%5D%7D%7D%5D%2C%22searchQuery%22%3A%22Backend+Engineer%22%7D&page=62

Processing page 63...
  Scrolling to load all job cards...
  Found 40 job cards on page 63
  Navigating to next page: https://hiringcafe.com/?searchState=%7B%22locations%22%3A%5B%7B%22id%22%3A%22FxY1yZQBoEtHp_8UEq7V%22%2C%22types%22%3A%5B%22country%22%5D%2C%22address_components%22%3A%5B%7B%22long_name%22%3A%22United+States%22%2C%22short_name%22%3A%22US%22%2C%22types%22%3A%5B%22country%22%5D%7D%5D%2C%22formatted_address%22%3A%22United+States%22%2C%22population%22%3A327167434%2C%22workplace_types%22%3A%5B%5D%2C%22options%22%3A%7B%22flexible_regions%22%3A%5B%22anywhere_in_continent%22%2C%22anywhere_in_world%22%5D%7D%7D%5D%2C%22searchQuery%22%3A%22Backend+Engineer%22%7D&page=63

Processing page 64...
  Scrolling to load all job cards...
  Found 40 job cards on page 64
  Navigating to next page: https://hiringcafe.com/?searchState=%7B%22locations%22%3A%5B%7B%22id%22%3A%22FxY1yZQBoEtHp_8UEq7V%22%2C%22types%22%3A%5B%22country%22%5D%2C%22address_components%22%3A%5B%7B%22long_name%22%3A%22United+States%22%2C%22short_name%22%3A%22US%22%2C%22types%22%3A%5B%22country%22%5D%7D%5D%2C%22formatted_address%22%3A%22United+States%22%2C%22population%22%3A327167434%2C%22workplace_types%22%3A%5B%5D%2C%22options%22%3A%7B%22flexible_regions%22%3A%5B%22anywhere_in_continent%22%2C%22anywhere_in_world%22%5D%7D%7D%5D%2C%22searchQuery%22%3A%22Backend+Engineer%22%7D&page=64

Processing page 65...
  Scrolling to load all job cards...
  Found 3 job cards on page 65
  Navigating to next page: https://hiringcafe.com/?searchState=%7B%22locations%22%3A%5B%7B%22id%22%3A%22FxY1yZQBoEtHp_8UEq7V%22%2C%22types%22%3A%5B%22country%22%5D%2C%22address_components%22%3A%5B%7B%22long_name%22%3A%22United+States%22%2C%22short_name%22%3A%22US%22%2C%22types%22%3A%5B%22country%22%5D%7D%5D%2C%22formatted_address%22%3A%22United+States%22%2C%22population%22%3A327167434%2C%22workplace_types%22%3A%5B%5D%2C%22options%22%3A%7B%22flexible_regions%22%3A%5B%22anywhere_in_continent%22%2C%22anywhere_in_world%22%5D%7D%7D%5D%2C%22searchQuery%22%3A%22Backend+Engineer%22%7D&page=65

Processing page 66...
  Scrolling to load all job cards...
  No jobs found on page 66

Found 2557 unique job cards across all pages

--- Stopping... ---
How many jobs to extract? (1-2557): 
--- Finished (exit code 1) ---
