Please enter a job keyword before scraping.
$ C:\Program Files\Python314\python.exe -u jobgether_scraper.py Python developer 15

Opening https://jobgether.com/home in new tab...
Current URL: https://jobgether.com/home
Step 1: Opening filter sidebar...
Traceback (most recent call last):
  File "C:\Users\Muneeb\Desktop\WebNcodes\scraper\Jobgether\jobgether_scraper.py", line 553, in <module>
    asyncio.run(main())
    ~~~~~~~~~~~^^^^^^^^
  File "C:\Program Files\Python314\Lib\asyncio\runners.py", line 205, in run
    return runner.run(main)
           ~~~~~~~~~~^^^^^^
  File "C:\Program Files\Python314\Lib\asyncio\runners.py", line 128, in run
    return self._loop.run_until_complete(task)
           ~~~~~~~~~~~~~~~~~~~~~~~~~~~~~^^^^^^
  File "C:\Program Files\Python314\Lib\asyncio\base_events.py", line 719, in run_until_complete
    return future.result()
           ~~~~~~~~~~~~~^^
  File "C:\Users\Muneeb\Desktop\WebNcodes\scraper\Jobgether\jobgether_scraper.py", line 165, in main
    await page.wait_for_timeout(3000)
  File "C:\Users\Muneeb\AppData\Roaming\Python\Python314\site-packages\patchright\async_api\_generated.py", line 12198, in wait_for_timeout
    await self._impl_obj.wait_for_timeout(timeout=to_milliseconds(timeout))
  File "C:\Users\Muneeb\AppData\Roaming\Python\Python314\site-packages\patchright\_impl\_page.py", line 1084, in wait_for_timeout
    await self._main_frame.wait_for_timeout(timeout)
  File "C:\Users\Muneeb\AppData\Roaming\Python\Python314\site-packages\patchright\_impl\_frame.py", line 890, in wait_for_timeout
    await self._channel.send("waitForTimeout", None, {"waitTimeout": timeout})
  File "C:\Users\Muneeb\AppData\Roaming\Python\Python314\site-packages\patchright\_impl\_connection.py", line 52, in send
    return await self._connection.wrap_api_call(
           ^^^^^^^^^^^^^^^^^^^^^^^^^^^^^^^^^^^^^
    ...<3 lines>...
    )
    ^
  File "C:\Users\Muneeb\AppData\Roaming\Python\Python314\site-packages\patchright\_impl\_connection.py", line 504, in wrap_api_call
    raise rewrite_error(error, f"{parsed_st['apiName']}: {error}") from None
patchright._impl._errors.TargetClosedError: Page.wait_for_timeout: Target page, context or browser has been closed

--- Finished (exit code 1) ---
